# DIAG armed: 16384 PSRAM samples, PCNT + driver status; includes 5 seconds of hold.
# DIAG columns: done_us,dt_good_us,raw,delta,counts,i2c_us,omega_mrev,window_mrev,cmd_mrev,fas_mrev,remain_ddeg,flags_hex,state,stage,current_ma,step_count,step_us,drv_status_hex,tstep,driver_age_us,gstat_hex,pins_hex
D,118430314,960,909,0,3275,317,0,0,0,0,0,01,11,0,0,0,118430403,801D0000,1048575,2,05,03
D,118431348,1034,909,0,3275,281,0,0,0,0,0,01,11,0,0,0,118431410,801D0000,1048575,448,05,03
D,118432279,931,909,0,3275,274,0,0,0,0,0,01,11,0,0,0,118432345,801D0000,1048575,1389,05,03
D,118433262,983,909,0,3275,262,0,0,0,0,0,01,11,0,0,0,118433316,801D0000,1048575,2357,05,03
D,118434273,1011,909,0,3275,270,0,0,0,0,0,01,11,0,0,0,118434333,801D0000,1048575,3377,05,03
D,118435275,1002,909,0,3275,266,0,0,0,0,0,01,11,0,0,0,118435330,801D0000,1048575,4372,05,03
D,118436275,1000,909,0,3275,265,0,0,0,0,0,01,11,0,0,0,118436337,801D0000,1048575,5378,05,03
D,118437280,1005,909,0,3275,283,0,0,0,0,0,01,11,0,0,0,118437341,801D0000,1048575,6384,05,03
D,118438351,1071,909,0,3275,354,0,0,0,0,0,01,11,0,0,0,118438445,801D0000,1048575,7498,05,03
D,118439301,950,909,0,3275,299,0,0,0,0,0,01,11,0,0,0,118439352,801D0000,1048575,8388,05,03
D,118440229,928,909,0,3275,234,0,0,0,0,0,01,11,0,0,0,118440264,801D0000,1048575,9301,05,03
D,118441235,1006,909,0,3275,233,0,0,0,0,0,01,11,0,0,0,118441267,801D0000,1048575,10300,05,03
D,118442239,1004,909,0,3275,238,0,0,0,0,0,01,11,0,0,0,118442276,801D0000,1048575,11312,05,03
D,118443233,994,909,0,3275,234,0,0,0,0,0,01,11,0,0,0,118443266,801D0000,1048575,12298,05,03
D,118444239,1006,909,0,3275,231,0,0,0,0,0,01,11,0,0,0,118444274,801D0000,1048575,13310,05,03
D,118445244,1005,909,0,3275,233,0,0,0,0,0,01,11,0,0,0,118445276,801D0000,1048575,14309,05,03
D,118446248,1004,909,0,3275,237,0,0,0,0,0,01,11,0,0,0,118446285,801D0000,1048575,15320,05,03
D,118447318,1070,909,0,3275,300,0,0,0,0,0,01,11,0,0,0,118447407,801D0000,1048575,16461,05,03
D,118448435,1117,909,0,3275,420,0,0,0,0,0,01,11,0,0,0,118448588,801D0000,1048575,17652,05,03
D,118449349,914,909,0,3275,349,0,0,0,0,0,01,11,0,0,0,118449430,801D0000,1048575,18478,05,03
D,118450323,974,909,0,3275,312,0,0,0,0,0,01,11,0,0,0,118450374,801D0000,1048575,19423,05,03
D,118451267,944,909,0,3275,269,0,0,0,0,0,01,11,0,0,0,118451328,801D0000,1048575,20370,05,03
D,118452260,993,909,0,3275,264,0,0,0,0,0,01,11,0,0,0,118452316,801D0000,1048575,21357,05,03
D,118453263,1003,909,0,3275,262,0,0,0,0,0,01,11,0,0,0,118453316,801D0000,1048575,22360,05,03
D,118454275,1012,909,0,3275,270,0,0,0,0,0,01,11,0,0,0,118454333,801D0000,1048575,23376,05,03
D,118455272,997,909,0,3275,265,0,0,0,0,0,01,11,0,0,0,118455330,801D0000,1048575,24371,05,03
D,118456276,1004,909,0,3275,264,0,0,0,0,0,01,11,0,0,0,118456331,801D0000,1048575,25373,05,03
D,118457260,984,909,0,3275,258,0,0,0,0,0,01,11,0,0,0,118457313,801D0000,1048575,26354,05,03
D,118458330,1070,909,0,3275,329,0,0,0,0,0,01,11,0,0,0,118458418,801D0000,1048575,27469,05,03
D,118459296,966,909,0,3275,294,0,0,0,0,0,01,11,0,0,0,118459348,801D0000,1048575,28389,05,03
D,118460238,942,909,0,3275,234,0,0,0,0,0,01,11,0,0,0,118460273,801D0000,1048575,29309,05,03
D,118461245,1007,909,0,3275,234,0,0,0,0,0,01,11,0,0,0,118461280,801D0000,1048575,30316,05,03
D,118462253,1008,909,0,3275,241,0,0,0,0,0,01,11,0,0,0,118462290,801D0000,1048575,31326,05,03
D,118463229,976,909,0,3275,234,0,0,0,0,0,01,11,0,0,0,118463264,801D0000,1048575,32300,05,03
D,118464236,1007,909,0,3275,234,0,0,0,0,0,01,11,0,0,0,118464271,801D0000,1048575,33307,05,03
D,118465243,1007,909,0,3275,235,0,0,0,0,0,01,11,0,0,0,118465278,801D0000,1048575,34313,05,03
D,118466250,1007,909,0,3275,242,0,0,0,0,0,01,11,0,0,0,118466287,801D0000,1048575,35323,05,03
D,118467305,1055,909,0,3275,292,0,0,0,0,0,01,11,0,0,0,118467400,801D0000,1048575,36456,05,03
D,118468441,1136,909,0,3275,431,0,0,0,0,0,01,11,0,0,0,118468584,801D0000,1048575,37643,05,03
D,118469370,929,909,0,3275,357,0,0,0,0,0,01,11,0,0,0,118469449,801D0000,1048575,38494,05,03
D,118470309,939,909,0,3275,296,0,0,0,0,0,01,11,0,0,0,118470365,801D0000,1048575,39411,05,03
D,118471280,971,909,0,3275,276,0,0,0,0,0,01,11,0,0,0,118471338,801D0000,1048575,40379,05,03
D,118472272,992,909,0,3275,266,0,0,0,0,0,01,11,0,0,0,118472327,801D0000,1048575,41368,05,03
D,118473261,989,909,0,3275,266,0,0,0,0,0,01,11,0,0,0,118473317,801D0000,1048575,42358,05,03
D,118474271,1010,909,0,3275,266,0,0,0,0,0,01,11,0,0,0,118474329,801D0000,1048575,43372,05,03
D,118475268,997,909,0,3275,268,0,0,0,0,0,01,11,0,0,0,118475323,801D0000,1048575,44366,05,03
D,118476280,1012,909,0,3275,269,0,0,0,0,0,01,11,0,0,0,118476336,801D0000,1048575,45381,05,03
D,118477264,984,909,0,3275,262,0,0,0,0,0,01,11,0,0,0,118477320,801D0000,1048575,46361,05,03
D,118478339,1075,909,0,3275,332,0,0,0,0,0,01,11,0,0,0,118478428,801D0000,1048575,47479,05,03
D,118479290,951,909,0,3275,295,0,0,0,0,0,01,11,0,0,0,118479342,801D0000,1048575,48382,05,03
D,118480237,947,909,0,3275,235,0,0,0,0,0,01,11,0,0,0,118480272,801D0000,1048575,49308,05,03
D,118481244,1007,909,0,3275,234,0,0,0,0,0,01,11,0,0,0,118481279,801D0000,1048575,1,05,03
D,118482250,1006,909,0,3275,243,0,0,0,0,0,01,11,0,0,0,118482291,801D0000,1048575,482,05,03
D,118483242,992,909,0,3275,240,0,0,0,0,0,01,11,0,0,0,118483277,801D0000,1048575,1466,05,03
D,118484234,992,909,0,3275,235,0,0,0,0,0,01,11,0,0,0,118484269,801D0000,1048575,2458,05,03
D,118485241,1007,909,0,3275,234,0,0,0,0,0,01,11,0,0,0,118485276,801D0000,1048575,3465,05,03
D,118486243,1002,909,0,3275,241,0,0,0,0,0,01,11,0,0,0,118486280,801D0000,1048575,4469,05,03
D,118487323,1080,909,0,3275,315,0,0,0,0,0,01,11,0,0,0,118487423,801D0000,1048575,5631,05,03
D,118488428,1105,909,0,3275,430,0,0,0,0,0,01,11,0,0,0,118488586,801D0000,1048575,6817,05,03
D,118489353,925,909,0,3275,358,0,0,0,0,0,01,11,0,0,0,118489433,801D0000,1048575,7632,05,03
D,118490298,945,909,0,3275,303,0,0,0,0,0,01,11,0,0,0,118490348,801D0000,1048575,8543,05,03
D,118491271,973,909,0,3275,267,0,0,0,0,0,01,11,0,0,0,118491330,801D0000,1048575,9525,05,03
D,118492265,994,909,0,3275,266,0,0,0,0,0,01,11,0,0,0,118492319,801D0000,1048575,10515,05,03
D,118493265,1000,909,0,3275,260,0,0,0,0,0,01,11,0,0,0,118493319,801D0000,1048575,11513,05,03
D,118494274,1009,909,0,3275,262,0,0,0,0,0,01,11,0,0,0,118494329,801D0000,1048575,12525,05,03
D,118495266,992,909,0,3275,265,0,0,0,0,0,01,11,0,0,0,118495325,801D0000,1048575,13519,05,03
D,118496277,1011,909,0,3275,266,0,0,0,0,0,01,11,0,0,0,118496332,801D0000,1048575,14528,05,03
D,118497259,982,909,0,3275,257,0,0,0,0,0,01,11,0,0,0,118497313,801D0000,1048575,15507,05,03
D,118498308,1049,909,0,3275,306,0,0,0,0,0,01,11,0,0,0,118498395,801D0000,1048575,16599,05,03
D,118499301,993,909,0,3275,294,0,0,0,0,0,01,11,0,0,0,118499352,801D0000,1048575,17546,05,03
D,118500246,945,909,0,3275,236,0,0,0,0,0,01,11,0,0,0,118500283,801D0000,1048575,18473,05,03
D,118501239,993,909,0,3275,234,0,0,0,0,0,01,11,0,0,0,118501275,801D0000,1048575,19464,05,03
D,118502242,1003,909,0,3275,241,0,0,0,0,0,01,11,0,0,0,118502279,801D0000,1048575,20468,05,03
D,118503236,994,909,0,3275,235,0,0,0,0,0,01,11,0,0,0,118503271,801D0000,1048575,21459,05,03
D,118504243,1007,909,0,3275,235,0,0,0,0,0,01,11,0,0,0,118504278,801D0000,1048575,22467,05,03
D,118505233,990,909,0,3275,234,0,0,0,0,0,01,11,0,0,0,118505268,801D0000,1048575,23457,05,03
D,118506252,1019,909,0,3275,241,0,0,0,0,0,01,11,0,0,0,118506289,801D0000,1048575,24478,05,03
D,118507314,1062,909,0,3275,295,0,0,0,0,0,01,11,0,0,0,118507415,801D0000,1048575,25621,05,03
D,118508433,1119,909,0,3275,434,0,0,0,0,0,01,11,0,0,0,118508576,801D0000,1048575,26796,05,03
D,118509350,917,909,0,3275,351,0,0,0,0,0,01,11,0,0,0,118509430,801D0000,1048575,27630,05,03
D,118510318,968,909,0,3275,305,0,0,0,0,0,01,11,0,0,0,118510372,801D0000,1048575,28575,05,03
D,118511282,964,909,0,3275,272,0,0,0,0,0,01,11,0,0,0,118511342,801D0000,1048575,29536,05,03
D,118512274,992,909,0,3275,263,0,0,0,0,0,01,11,0,0,0,118512328,801D0000,1048575,30523,05,03
D,118513257,983,909,0,3275,262,0,0,0,0,0,01,11,0,0,0,118513314,801D0000,1048575,31509,05,03
D,118514269,1012,909,0,3275,263,0,0,0,0,0,01,11,0,0,0,118514328,801D0000,1048575,32525,05,03
D,118515268,999,909,0,3275,271,0,0,0,0,0,01,11,0,0,0,118515328,801D0000,1048575,33524,05,03
D,118516261,993,909,0,3275,265,0,0,0,0,0,01,11,0,0,0,118516318,801D0000,1048575,34512,05,03
D,118517274,1013,909,0,3275,263,0,0,0,0,0,01,11,0,0,0,118517331,801D0000,1048575,35526,05,03
D,118518335,1061,909,0,3275,329,0,0,0,0,0,01,11,0,0,0,118518424,801D0000,1048575,36628,05,03
D,118519291,956,909,0,3275,295,0,0,0,0,0,01,11,0,0,0,118519343,801D0000,1048575,37536,05,03
D,118520237,946,909,0,3275,235,0,0,0,0,0,01,11,0,0,0,118520272,801D0000,1048575,38461,05,03
D,118521244,1007,909,0,3275,234,0,0,0,0,0,01,11,0,0,0,118521279,801D0000,1048575,39468,05,03
D,118522249,1005,909,0,3275,243,0,0,0,0,0,01,11,0,0,0,118522286,801D0000,1048575,40475,05,03
D,118523242,993,909,0,3275,234,0,0,0,0,0,01,11,0,0,0,118523278,801D0000,1048575,41467,05,03
D,118524233,991,909,0,3275,234,0,0,0,0,0,01,11,0,0,0,118524268,801D0000,1048575,42457,05,03
D,118525240,1007,909,0,3275,234,0,0,0,0,0,01,11,0,0,0,118525275,801D0000,1048575,43464,05,03
D,118526242,1002,909,0,3275,242,0,0,0,0,0,01,11,0,0,0,118526279,801D0000,1048575,44468,05,03
D,118527309,1067,909,0,3275,304,0,0,0,0,0,01,11,0,0,0,118527409,801D0000,1048575,45615,05,03
D,118528445,1136,909,0,3275,431,0,0,0,0,0,01,11,0,0,0,118528595,801D0000,1048575,46810,05,03
D,118529360,915,909,0,3275,356,0,0,0,0,0,01,11,0,0,0,118529437,801D0000,1048575,47635,05,03
D,118530313,953,909,0,3275,300,0,0,0,0,0,01,11,0,0,0,118530366,801D0000,1048575,48563,05,03
D,118531270,957,909,0,3275,268,0,0,0,0,0,01,11,0,0,0,118531329,801D0000,1048575,49524,05,03
D,118532263,993,909,0,3275,268,0,0,0,0,0,01,11,0,0,0,118532317,801D0000,1048575,1,05,03
D,118533267,1004,909,0,3275,272,0,0,0,0,0,01,11,0,0,0,118533335,801D0000,1048575,483,05,03
D,118534277,1010,909,0,3275,276,0,0,0,0,0,01,11,0,0,0,118534330,801D0000,1048575,1481,05,03
D,118535271,994,909,0,3275,272,0,0,0,0,0,01,11,0,0,0,118535334,801D0000,1048575,2482,05,03
D,118536271,1000,909,0,3275,265,0,0,0,0,0,01,11,0,0,0,118536324,801D0000,1048575,3472,05,03
D,118537274,1003,909,0,3275,263,0,0,0,0,0,01,11,0,0,0,118537330,801D0000,1048575,4478,05,03
D,118538344,1070,909,0,3275,341,0,0,0,0,0,01,11,0,0,0,118538429,801D0000,1048575,5586,05,03
D,118539304,960,909,0,3275,293,0,0,0,0,0,01,11,0,0,0,118539353,801D0000,1048575,6500,05,03
D,118540241,937,909,0,3275,235,0,0,0,0,0,01,11,0,0,0,118540276,801D0000,1048575,7417,05,03
D,118541229,988,909,0,3275,234,0,0,0,0,0,01,11,0,0,0,118541261,801D0000,1048575,8403,05,03
D,118542241,1012,909,0,3275,239,0,0,0,0,0,01,11,0,0,0,118542278,801D0000,1048575,9420,05,03
D,118543236,995,909,0,3275,235,0,0,0,0,0,01,11,0,0,0,118543268,801D0000,1048575,10410,05,03
D,118544233,997,909,0,3275,232,0,0,0,0,0,01,11,0,0,0,118544269,801D0000,1048575,11410,05,03
D,118545240,1007,909,0,3275,234,0,0,0,0,0,01,11,0,0,0,118545272,801D0000,1048575,12414,05,03
D,118546250,1010,909,0,3275,239,0,0,0,0,0,01,11,0,0,0,118546287,801D0000,1048575,13429,05,03
D,118547311,1061,909,0,3275,294,0,0,0,0,0,01,11,0,0,0,118547409,801D0000,1048575,14569,05,03
D,118548452,1141,909,0,3275,437,0,0,0,0,0,01,11,0,0,0,118548588,801D0000,1048575,15752,05,03
D,118549356,904,909,0,3275,353,0,0,0,0,0,01,11,0,0,0,118549433,801D0000,1048575,16585,05,03
D,118550313,957,909,0,3275,299,0,0,0,0,0,01,11,0,0,0,118550371,801D0000,1048575,17527,05,03
D,118551285,972,909,0,3275,275,0,0,0,0,0,01,11,0,0,0,118551345,801D0000,1048575,18492,05,03
D,118552263,978,909,0,3275,267,0,0,0,0,0,01,11,0,0,0,118552319,801D0000,1048575,19467,05,03
D,118553270,1007,909,0,3275,265,0,0,0,0,0,01,11,0,0,0,118553324,801D0000,1048575,20471,05,03
D,118554281,1011,909,0,3275,267,0,0,0,0,0,01,11,0,0,0,118554341,801D0000,1048575,21491,05,03
D,118555270,989,909,0,3275,272,0,0,0,0,0,01,11,0,0,0,118555329,801D0000,1048575,22478,05,03
# DIAG n=126 wrapped=0 frozen=1
