esptool v5.3.0
Serial port COM7:
Connecting....
Connected to ESP32-S3 on COM7:
Chip type:          ESP32-S3 (QFN56) (revision v0.2)
Features:           Wi-Fi, BT 5 (LE), Dual Core + LP Core, 240MHz, Embedded PSRAM 8MB (AP_3v3)
Crystal frequency:  40MHz
MAC:                14:c1:9f:db:70:c8

Uploading stub flasher...
Running stub flasher...
Stub flasher running.
Changing baud rate to 921600...
Changed.

Configuring flash size...

Writing 'C:\Users\Mill\Desktop\prize-wheel\work\clock-firmware/pulse_clock_audit.ino.bootloader.bin' at 0x00000000...
No changed sectors found, verifying if data is in flash...
'C:\Users\Mill\Desktop\prize-wheel\work\clock-firmware/pulse_clock_audit.ino.bootloader.bin' at 0x00000000 verified.

Writing 'C:\Users\Mill\Desktop\prize-wheel\work\clock-firmware/pulse_clock_audit.ino.partitions.bin' at 0x00008000...
No changed sectors found, verifying if data is in flash...
'C:\Users\Mill\Desktop\prize-wheel\work\clock-firmware/pulse_clock_audit.ino.partitions.bin' at 0x00008000 verified.

Writing 'C:\Users\Mill\AppData\Local\Arduino15\packages\esp32\hardware\esp32\3.3.10/tools/partitions/boot_app0.bin' at 0x0000e000...
Flash will be erased from 0x0000e000 to 0x0000ffff...
Compressed 8192 bytes to 47...
Writing at 0x0000e000 [                              ]   0.0% 0/47 bytes... 
Writing at 0x00010000 [==============================] 100.0% 47/47 bytes... 
Wrote 8192 bytes (47 compressed) at 0x0000e000 in 0.0 seconds (1375.4 kbit/s).
Verifying written data...
Hash of data verified.

Writing 'C:\Users\Mill\Desktop\prize-wheel\work\clock-firmware/pulse_clock_audit.ino.bin' at 0x00010000...
Changed data sectors found, fast reflashing...
Reflashing 90 changed sectors at 0x00010000...
Flash will be erased from 0x00010000 to 0x00069fff...
Compressed 368640 bytes to 203212...
Writing at 0x00010000 [                              ]   0.0% 0/203212 bytes... 
Writing at 0x0001c9e5 [=>                            ]   8.1% 16384/203212 bytes... 
Writing at 0x0002af4f [===>                          ]  16.1% 32768/203212 bytes... 
Writing at 0x00030680 [======>                       ]  24.2% 49152/203212 bytes... 
Writing at 0x00035e35 [========>                     ]  32.3% 65536/203212 bytes... 
Writing at 0x0003b984 [===========>                  ]  40.3% 81920/203212 bytes... 
Writing at 0x0004104a [=============>                ]  48.4% 98304/203212 bytes... 
Writing at 0x00046b7e [===============>              ]  56.4% 114688/203212 bytes... 
Writing at 0x0004c6f9 [==================>           ]  64.5% 131072/203212 bytes... 
Writing at 0x00054ee6 [====================>         ]  72.6% 147456/203212 bytes... 
Writing at 0x0005b249 [=======================>      ]  80.6% 163840/203212 bytes... 
Writing at 0x00060de9 [=========================>    ]  88.7% 180224/203212 bytes... 
Writing at 0x00066f04 [============================> ]  96.8% 196608/203212 bytes... 
Writing at 0x0006a000 [==============================] 100.0% 203212/203212 bytes... 
Wrote 368640 bytes (203212 compressed) at 0x00010000 in 2.8 seconds (1042.5 kbit/s).
Verifying written data...
Hash of data verified.

Hard resetting via RTS pin...
New upload port: COM7 (serial)
