esptool v5.3.0
Serial port COM7:
Connecting....
Connected to ESP32-S3 on COM7:
Chip type:          ESP32-S3 (QFN56) (revision v0.2)
Features:           Wi-Fi, BT 5 (LE), Dual Core + LP Core, 240MHz, Embedded PSRAM 8MB (AP_3v3)
Crystal frequency:  40MHz
MAC:                14:c1:9f:db:70:c8

Uploading stub flasher...
Running stub flasher...
Stub flasher running.
Changing baud rate to 921600...
Changed.

Configuring flash size...

Writing 'C:\Users\Mill\Desktop\prize-wheel\work\smooth_audit-firmware/smooth_ramp_audit.ino.bootloader.bin' at 0x00000000...
Flash will be erased from 0x00000000 to 0x00004fff...
Compressed 19984 bytes to 13015...
Writing at 0x00000000 [                              ]   0.0% 0/13015 bytes... 
Writing at 0x00004e10 [==============================] 100.0% 13015/13015 bytes... 
Wrote 19984 bytes (13015 compressed) at 0x00000000 in 0.3 seconds (563.4 kbit/s).
Verifying written data...
Hash of data verified.

Writing 'C:\Users\Mill\Desktop\prize-wheel\work\smooth_audit-firmware/smooth_ramp_audit.ino.partitions.bin' at 0x00008000...
Flash will be erased from 0x00008000 to 0x00008fff...
Compressed 3072 bytes to 144...
Writing at 0x00008000 [                              ]   0.0% 0/144 bytes... 
Writing at 0x00008c00 [==============================] 100.0% 144/144 bytes... 
Wrote 3072 bytes (144 compressed) at 0x00008000 in 0.0 seconds (1159.0 kbit/s).
Verifying written data...
Hash of data verified.

Writing 'C:\Users\Mill\AppData\Local\Arduino15\packages\esp32\hardware\esp32\3.3.10/tools/partitions/boot_app0.bin' at 0x0000e000...
Flash will be erased from 0x0000e000 to 0x0000ffff...
Compressed 8192 bytes to 47...
Writing at 0x0000e000 [                              ]   0.0% 0/47 bytes... 
Writing at 0x00010000 [==============================] 100.0% 47/47 bytes... 
Wrote 8192 bytes (47 compressed) at 0x0000e000 in 0.1 seconds (1276.4 kbit/s).
Verifying written data...
Hash of data verified.

Writing 'C:\Users\Mill\Desktop\prize-wheel\work\smooth_audit-firmware/smooth_ramp_audit.ino.bin' at 0x00010000...
Flash will be erased from 0x00010000 to 0x00069fff...
Compressed 368064 bytes to 204525...
Writing at 0x00010000 [                              ]   0.0% 0/204525 bytes... 
Writing at 0x0001c9f4 [=>                            ]   8.0% 16384/204525 bytes... 
Writing at 0x0002af4f [===>                          ]  16.0% 32768/204525 bytes... 
Writing at 0x000306b1 [======>                       ]  24.0% 49152/204525 bytes... 
Writing at 0x00035dff [========>                     ]  32.0% 65536/204525 bytes... 
Writing at 0x0003b86a [===========>                  ]  40.1% 81920/204525 bytes... 
Writing at 0x00041068 [=============>                ]  48.1% 98304/204525 bytes... 
Writing at 0x00046a61 [===============>              ]  56.1% 114688/204525 bytes... 
Writing at 0x0004c5bd [==================>           ]  64.1% 131072/204525 bytes... 
Writing at 0x00053404 [====================>         ]  72.1% 147456/204525 bytes... 
Writing at 0x0005b183 [=======================>      ]  80.1% 163840/204525 bytes... 
Writing at 0x00060d3e [=========================>    ]  88.1% 180224/204525 bytes... 
Writing at 0x00066ded [===========================>  ]  96.1% 196608/204525 bytes... 
Writing at 0x00069dc0 [==============================] 100.0% 204525/204525 bytes... 
Wrote 368064 bytes (204525 compressed) at 0x00010000 in 2.8 seconds (1038.3 kbit/s).
Verifying written data...
Hash of data verified.

Hard resetting via RTS pin...
New upload port: COM7 (serial)
