esptool v5.3.0
Serial port COM7:
Connecting....
Connected to ESP32-S3 on COM7:
Chip type:          ESP32-S3 (QFN56) (revision v0.2)
Features:           Wi-Fi, BT 5 (LE), Dual Core + LP Core, 240MHz, Embedded PSRAM 8MB (AP_3v3)
Crystal frequency:  40MHz
MAC:                14:c1:9f:db:70:c8

Uploading stub flasher...
Running stub flasher...
Stub flasher running.
Changing baud rate to 921600...
Changed.

Configuring flash size...

Writing 'C:\Users\Mill\Desktop\prize-wheel\work\speedup_replay-firmware/speedup_replay.ino.bootloader.bin' at 0x00000000...
Flash will be erased from 0x00000000 to 0x00004fff...
Compressed 19984 bytes to 13015...
Writing at 0x00000000 [                              ]   0.0% 0/13015 bytes... 
Writing at 0x00004e10 [==============================] 100.0% 13015/13015 bytes... 
Wrote 19984 bytes (13015 compressed) at 0x00000000 in 0.3 seconds (563.6 kbit/s).
Verifying written data...
Hash of data verified.

Writing 'C:\Users\Mill\Desktop\prize-wheel\work\speedup_replay-firmware/speedup_replay.ino.partitions.bin' at 0x00008000...
Flash will be erased from 0x00008000 to 0x00008fff...
Compressed 3072 bytes to 144...
Writing at 0x00008000 [                              ]   0.0% 0/144 bytes... 
Writing at 0x00008c00 [==============================] 100.0% 144/144 bytes... 
Wrote 3072 bytes (144 compressed) at 0x00008000 in 0.0 seconds (1078.0 kbit/s).
Verifying written data...
Hash of data verified.

Writing 'C:\Users\Mill\AppData\Local\Arduino15\packages\esp32\hardware\esp32\3.3.10/tools/partitions/boot_app0.bin' at 0x0000e000...
Flash will be erased from 0x0000e000 to 0x0000ffff...
Compressed 8192 bytes to 47...
Writing at 0x0000e000 [                              ]   0.0% 0/47 bytes... 
Writing at 0x00010000 [==============================] 100.0% 47/47 bytes... 
Wrote 8192 bytes (47 compressed) at 0x0000e000 in 0.1 seconds (1297.8 kbit/s).
Verifying written data...
Hash of data verified.

Writing 'C:\Users\Mill\Desktop\prize-wheel\work\speedup_replay-firmware/speedup_replay.ino.bin' at 0x00010000...
Flash will be erased from 0x00010000 to 0x00060fff...
Compressed 330416 bytes to 182793...
Writing at 0x00010000 [                              ]   0.0% 0/182793 bytes... 
Writing at 0x0001bc2c [=>                            ]   9.0% 16384/182793 bytes... 
Writing at 0x00029992 [====>                         ]  17.9% 32768/182793 bytes... 
Writing at 0x0002f213 [=======>                      ]  26.9% 49152/182793 bytes... 
Writing at 0x00034b2c [=========>                    ]  35.9% 65536/182793 bytes... 
Writing at 0x0003a3e2 [============>                 ]  44.8% 81920/182793 bytes... 
Writing at 0x0003fa84 [===============>              ]  53.8% 98304/182793 bytes... 
Writing at 0x000455b2 [=================>            ]  62.7% 114688/182793 bytes... 
Writing at 0x0004adf0 [====================>         ]  71.7% 131072/182793 bytes... 
Writing at 0x00053bfa [=======================>      ]  80.7% 147456/182793 bytes... 
Writing at 0x00059713 [=========================>    ]  89.6% 163840/182793 bytes... 
Writing at 0x0005f834 [============================> ]  98.6% 180224/182793 bytes... 
Writing at 0x00060ab0 [==============================] 100.0% 182793/182793 bytes... 
Wrote 330416 bytes (182793 compressed) at 0x00010000 in 2.5 seconds (1042.1 kbit/s).
Verifying written data...
Hash of data verified.

Hard resetting via RTS pin...
New upload port: COM7 (serial)
