
=== PRIZE WHEEL (correctness redesign) ===
# build: v2-persistent-hold-20260918; 550mA hold until next spin; STEP clock fixed
 z  set current raw as wedge-0 anchor (wheel at rest, pointer on 11|0 line)
 p  attended two-leg direction probe (safe wedge center only)
 s  status
 d  arm high-rate RAM capture (dumps after true stop/fault)
 D  dump current trace at rest with outputs disabled
 v  toggle live control logs
 e  toggle automatic takeover
 f  print friction model
 F  reset friction model to seeds
 x  clear stored direction calibration
 r  fault reset (re-checks TMC UART)
 m  print dare mask
 ?  help
 --- party additions ---
 t  FX/WiFi loop-budget max-tracker (resets window)
 a  audio on/off   l  LEDs on/off   w  network status
 V<n>+Enter  DFPlayer volume 0-30 (e.g. V18)
# state=FAULT_LATCHED fault=LANDING_UNSAFE angle=327.66 wedge=10 omega=-0.0000 natStop=0.0 pos=FRESH vel=VALID age_us=179 dirCal=1(sign -1) tmc=1 takeover=1 rawZero=88 stage=0 cmd=0.000
# motor fas=0.0000 current=0 EN=1 hold_ms=0
# friction cw: c=0.5500 b=0.2800 fits=0 | ccw: c=0.5500 b=0.2800 fits=0
